 ------------------------
 Symbol        | Location
 --------------+---------
 BEL           |   060
 DIV_A         |   0D2
 DIV_B         |   0D3
 DIV_D         |   0D4
 FRA           |   064
 ING           |   061
 IRL           |   063
 MCD_A         |   08F
 MCD_B         |   090
 MCD_D         |   08E
 MODULO        |   091
 MOD_A         |   0A8
 MOD_B         |   0A9
 MOD_D         |   0A7
 MUL_A         |   0BD
 MUL_B         |   0BE
 MUL_I         |   0BF
 MUL_M         |   0C0
 NOR           |   062
 ONE           |   065
 SUM           |   06A
 SUM2          |   06B
 SUM3          |   06C
 SUM4          |   06D
 SUM5          |   06E
 SUMA          |   06F
 V1            |   066
 V2            |   067
 V3            |   068
 V4            |   069
 ZERO          |   070
 calculamcd    |   081
 div           |   0C1
 div_endwhile  |   0D0
 div_while     |   0C4
 div_whilebody |   0C9
 divi_A        |   0AB
 finmcd        |   08C
 mcd           |   071
 mod           |   092
 mul           |   0AC
 mul_endwhile  |   0BB
 mul_while     |   0B0
 multi         |   0AA
 whilemcd      |   07D
