 -------------------------
 Symbol         | Location
 ---------------+---------
 A              |   033
 AD             |   035
 AN             |   034
 DIV_A          |   0AE
 DIV_B          |   0AF
 DIV_D          |   0B0
 DIV_E          |   079
 D_EGY          |   07A
 EGY_A          |   074
 EGY_B          |   075
 M              |   038
 MCD            |   09A
 MCD_A          |   098
 MCD_B          |   099
 MOD_A          |   0BD
 MOD_B          |   0BE
 MUL_A          |   0D0
 MUL_B          |   0D1
 MUL_I          |   0D2
 MUL_M          |   0D3
 M_D            |   078
 M_N            |   077
 NUM            |   09C
 ONE            |   032
 R              |   036
 RES            |   09B
 R_EG           |   076
 ZERO           |   037
 div            |   09D
 div_endwhile   |   0AC
 div_while      |   0A0
 div_whilebody  |   0A5
 egy            |   039
 egy_end_while  |   072
 egy_while      |   03B
 egy_while_body |   045
 end_for        |   02C
 for            |   004
 for_body       |   007
 mcd            |   07B
 mcd_end_while  |   094
 mcd_while      |   085
 mcd_while_body |   089
 mod            |   0B1
 mod_endwhile   |   0BB
 mod_while      |   0B2
 mod_whilebody  |   0B7
 mul            |   0BF
 mul_endwhile   |   0CE
 mul_while      |   0C3
