 -----------------------
 Symbol       | Location
 -------------+---------
 A            |   06C
 B            |   06D
 CANT         |   070
 CANT_n       |   0CE
 CI           |   035
 I            |   072
 IT           |   08E
 I_num        |   0CC
 J            |   0A2
 J_num        |   0CD
 LEN          |   036
 LI           |   034
 LS           |   033
 MOD_A        |   0B1
 MOD_B        |   0B2
 MUL_A        |   0E0
 MUL_B        |   0E1
 MUL_I        |   0E2
 MUL_M        |   0E3
 M_max        |   04E
 ONE          |   071
 P1           |   02F
 P2           |   030
 PAR          |   06B
 POS          |   06F
 THREE        |   0A4
 TWO          |   06E
 V1           |   031
 V2           |   032
 ZERO         |   073
 ciclo        |   07B
 continue     |   066
 criba        |   074
 else_c       |   086
 else_n       |   0C4
 end_c        |   08D
 endwhile     |   0AF
 for          |   054
 for_d        |   096
 for_m        |   03E
 for_mbody    |   044
 for_n        |   0BE
 loop         |   08F
 loop_i       |   0A3
 max          |   037
 mod          |   0A5
 mul          |   0CF
 mul_endwhile |   0DE
 mul_while    |   0D3
 num          |   0B3
 vector       |   04F
 while        |   0A6
 while_l      |   01D
 while_m      |   003
 while_v      |   055
